20230628_040001: Error occured during execution:(error with request HTTPSConnectionPool(host='www.reddit.com', port=443): Max retries exceeded with url: /api/v1/access_token (Caused by NewConnectionError('<urllib3.connection.HTTPSConnection object at 0xf649c5c8>: Failed to establish a new connection: [Errno -3] Temporary failure in name resolution')))Error @ 20230703_105212 : error with request HTTPSConnectionPool(host='oauth.reddit.com', port=443): Max retries exceeded with url: /r/all/hot?limit=100&raw_json=1 (Caused by NewConnectionError('<urllib3.connection.HTTPSConnection object at 0xf6ad2af0>: Failed to establish a new connection: [Errno -3] Temporary failure in name resolution'))
Error @ 20230707_015206 : error with request HTTPSConnectionPool(host='www.reddit.com', port=443): Max retries exceeded with url: /api/v1/access_token (Caused by NewConnectionError('<urllib3.connection.HTTPSConnection object at 0xf66135f8>: Failed to establish a new connection: [Errno -3] Temporary failure in name resolution'))
Error @ 20230708_093705 : error with request HTTPSConnectionPool(host='www.reddit.com', port=443): Max retries exceeded with url: /api/v1/access_token (Caused by NewConnectionError('<urllib3.connection.HTTPSConnection object at 0xf67b95f8>: Failed to establish a new connection: [Errno -3] Temporary failure in name resolution'))
Error @ 20230708_100725 : error with request HTTPSConnectionPool(host='www.reddit.com', port=443): Max retries exceeded with url: /api/v1/access_token (Caused by NewConnectionError('<urllib3.connection.HTTPSConnection object at 0xf6bfead8>: Failed to establish a new connection: [Errno -3] Temporary failure in name resolution'))
Error @ 20230708_102206 : error with request HTTPSConnectionPool(host='www.reddit.com', port=443): Max retries exceeded with url: /api/v1/access_token (Caused by NewConnectionError('<urllib3.connection.HTTPSConnection object at 0xf67045f8>: Failed to establish a new connection: [Errno -3] Temporary failure in name resolution'))
Error @ 20230708_105215 : error with request HTTPSConnectionPool(host='www.reddit.com', port=443): Max retries exceeded with url: /api/v1/access_token (Caused by NewConnectionError('<urllib3.connection.HTTPSConnection object at 0xf653d5f8>: Failed to establish a new connection: [Errno -3] Temporary failure in name resolution'))
Error @ 20230712_075246 : error with request HTTPSConnectionPool(host='www.reddit.com', port=443): Max retries exceeded with url: /api/v1/access_token (Caused by NewConnectionError('<urllib3.connection.HTTPSConnection object at 0xf67e0898>: Failed to establish a new connection: [Errno -3] Temporary failure in name resolution'))
Error @ 20230712_080717 : error with request HTTPSConnectionPool(host='www.reddit.com', port=443): Max retries exceeded with url: /api/v1/access_token (Caused by NewConnectionError('<urllib3.connection.HTTPSConnection object at 0xf684faf0>: Failed to establish a new connection: [Errno -3] Temporary failure in name resolution'))
Error @ 20230712_085246 : error with request HTTPSConnectionPool(host='www.reddit.com', port=443): Max retries exceeded with url: /api/v1/access_token (Caused by NewConnectionError('<urllib3.connection.HTTPSConnection object at 0xf65f8898>: Failed to establish a new connection: [Errno -3] Temporary failure in name resolution'))
Error @ 20230712_090707 : error with request HTTPSConnectionPool(host='www.reddit.com', port=443): Max retries exceeded with url: /api/v1/access_token (Caused by NewConnectionError('<urllib3.connection.HTTPSConnection object at 0xf6a335f8>: Failed to establish a new connection: [Errno -3] Temporary failure in name resolution'))
Error @ 20230712_093656 : error with request HTTPSConnectionPool(host='www.reddit.com', port=443): Max retries exceeded with url: /api/v1/access_token (Caused by NewConnectionError('<urllib3.connection.HTTPSConnection object at 0xf65095f8>: Failed to establish a new connection: [Errno -3] Temporary failure in name resolution'))
